// Vitest Snapshot v1, https://vitest.dev/guide/snapshot.html

exports[`LLM Control API validation > accepts the example payloads 1`] = `
{
  "combatInput": {
    "errors": [],
    "ok": true,
  },
  "combatOutput": {
    "errors": [],
    "ok": true,
  },
  "earlyInput": {
    "errors": [],
    "ok": true,
  },
  "earlyOutput": {
    "errors": [],
    "ok": true,
  },
}
`;
